// Jest Snapshot v1, https://goo.gl/fbAQLP

exports[`Page: Homepage matches snapshot 1`] = `"<h1>Homepage</h1>"`;
